$ tsc -b tsconfig.json --pretty false
error TS5083: Cannot read file '/home/den/Source/faux-ui/packages/dom/tsconfig.json'.
error TS5083: Cannot read file '/home/den/Source/faux-ui/packages/tui/tsconfig.json'.
packages/app/src/index.ts(7,8): error TS6059: File '/home/den/Source/faux-ui/packages/render-dom/src/index.ts' is not under 'rootDir' '/home/den/Source/faux-ui/packages/app/src'. 'rootDir' is expected to contain all source files.
  File is ECMAScript module because '/home/den/Source/faux-ui/packages/render-dom/package.json' has field "type" with value "module"
packages/app/src/index.ts(7,8): error TS6307: File '/home/den/Source/faux-ui/packages/render-dom/src/index.ts' is not listed within the file list of project '/home/den/Source/faux-ui/packages/app/tsconfig.json'. Projects must list all files or use an 'include' pattern.
  File is ECMAScript module because '/home/den/Source/faux-ui/packages/render-dom/package.json' has field "type" with value "module"
packages/app/src/index.ts(12,8): error TS6059: File '/home/den/Source/faux-ui/packages/render-tui/src/index.ts' is not under 'rootDir' '/home/den/Source/faux-ui/packages/app/src'. 'rootDir' is expected to contain all source files.
  File is ECMAScript module because '/home/den/Source/faux-ui/packages/render-tui/package.json' has field "type" with value "module"
packages/app/src/index.ts(12,8): error TS6307: File '/home/den/Source/faux-ui/packages/render-tui/src/index.ts' is not listed within the file list of project '/home/den/Source/faux-ui/packages/app/tsconfig.json'. Projects must list all files or use an 'include' pattern.
  File is ECMAScript module because '/home/den/Source/faux-ui/packages/render-tui/package.json' has field "type" with value "module"
packages/app/tsconfig.json(12,5): error TS6053: File '/home/den/Source/faux-ui/packages/dom' not found.
packages/app/tsconfig.json(13,5): error TS6053: File '/home/den/Source/faux-ui/packages/tui' not found.
packages/render-dom/src/index.ts(1,34): error TS6059: File '/home/den/Source/faux-ui/packages/render-dom/src/model.ts' is not under 'rootDir' '/home/den/Source/faux-ui/packages/app/src'. 'rootDir' is expected to contain all source files.
  The file is in the program because:
    Imported via "./model.js" from file '/home/den/Source/faux-ui/packages/render-dom/src/index.ts'
    Imported via "./model.js" from file '/home/den/Source/faux-ui/packages/render-dom/src/index.ts'
    Imported via "./model.js" from file '/home/den/Source/faux-ui/packages/render-dom/src/events.ts'
    Imported via "./model.js" from file '/home/den/Source/faux-ui/packages/render-dom/src/runtime.ts'
  File is ECMAScript module because '/home/den/Source/faux-ui/packages/render-dom/package.json' has field "type" with value "module"
packages/render-dom/src/index.ts(1,34): error TS6307: File '/home/den/Source/faux-ui/packages/render-dom/src/model.ts' is not listed within the file list of project '/home/den/Source/faux-ui/packages/app/tsconfig.json'. Projects must list all files or use an 'include' pattern.
  The file is in the program because:
    Imported via "./model.js" from file '/home/den/Source/faux-ui/packages/render-dom/src/index.ts'
    Imported via "./model.js" from file '/home/den/Source/faux-ui/packages/render-dom/src/index.ts'
    Imported via "./model.js" from file '/home/den/Source/faux-ui/packages/render-dom/src/events.ts'
    Imported via "./model.js" from file '/home/den/Source/faux-ui/packages/render-dom/src/runtime.ts'
  File is ECMAScript module because '/home/den/Source/faux-ui/packages/render-dom/package.json' has field "type" with value "module"
packages/render-dom/src/index.ts(7,8): error TS6059: File '/home/den/Source/faux-ui/packages/render-dom/src/events.ts' is not under 'rootDir' '/home/den/Source/faux-ui/packages/app/src'. 'rootDir' is expected to contain all source files.
  The file is in the program because:
    Imported via "./events.js" from file '/home/den/Source/faux-ui/packages/render-dom/src/index.ts'
    Imported via "./events.js" from file '/home/den/Source/faux-ui/packages/render-dom/src/index.ts'
    Imported via "./events.js" from file '/home/den/Source/faux-ui/packages/render-dom/src/runtime.ts'
  File is ECMAScript module because '/home/den/Source/faux-ui/packages/render-dom/package.json' has field "type" with value "module"
packages/render-dom/src/index.ts(7,8): error TS6307: File '/home/den/Source/faux-ui/packages/render-dom/src/events.ts' is not listed within the file list of project '/home/den/Source/faux-ui/packages/app/tsconfig.json'. Projects must list all files or use an 'include' pattern.
  The file is in the program because:
    Imported via "./events.js" from file '/home/den/Source/faux-ui/packages/render-dom/src/index.ts'
    Imported via "./events.js" from file '/home/den/Source/faux-ui/packages/render-dom/src/index.ts'
    Imported via "./events.js" from file '/home/den/Source/faux-ui/packages/render-dom/src/runtime.ts'
  File is ECMAScript module because '/home/den/Source/faux-ui/packages/render-dom/package.json' has field "type" with value "module"
packages/render-dom/src/index.ts(9,30): error TS6059: File '/home/den/Source/faux-ui/packages/render-dom/src/runtime.ts' is not under 'rootDir' '/home/den/Source/faux-ui/packages/app/src'. 'rootDir' is expected to contain all source files.
  The file is in the program because:
    Imported via "./runtime.js" from file '/home/den/Source/faux-ui/packages/render-dom/src/index.ts'
    Imported via "./runtime.js" from file '/home/den/Source/faux-ui/packages/render-dom/src/index.ts'
    Imported via "./runtime.js" from file '/home/den/Source/faux-ui/packages/render-dom/src/render-app.ts'
    Imported via "./runtime.js" from file '/home/den/Source/faux-ui/packages/render-dom/src/theme.ts'
  File is ECMAScript module because '/home/den/Source/faux-ui/packages/render-dom/package.json' has field "type" with value "module"
packages/render-dom/src/index.ts(9,30): error TS6307: File '/home/den/Source/faux-ui/packages/render-dom/src/runtime.ts' is not listed within the file list of project '/home/den/Source/faux-ui/packages/app/tsconfig.json'. Projects must list all files or use an 'include' pattern.
  The file is in the program because:
    Imported via "./runtime.js" from file '/home/den/Source/faux-ui/packages/render-dom/src/index.ts'
    Imported via "./runtime.js" from file '/home/den/Source/faux-ui/packages/render-dom/src/index.ts'
    Imported via "./runtime.js" from file '/home/den/Source/faux-ui/packages/render-dom/src/render-app.ts'
    Imported via "./runtime.js" from file '/home/den/Source/faux-ui/packages/render-dom/src/theme.ts'
  File is ECMAScript module because '/home/den/Source/faux-ui/packages/render-dom/package.json' has field "type" with value "module"
packages/render-dom/src/index.ts(24,24): error TS6059: File '/home/den/Source/faux-ui/packages/render-dom/src/render-app.ts' is not under 'rootDir' '/home/den/Source/faux-ui/packages/app/src'. 'rootDir' is expected to contain all source files.
  The file is in the program because:
    Imported via "./render-app.js" from file '/home/den/Source/faux-ui/packages/render-dom/src/index.ts'
    Imported via "./render-app.js" from file '/home/den/Source/faux-ui/packages/render-dom/src/index.ts'
  File is ECMAScript module because '/home/den/Source/faux-ui/packages/render-dom/package.json' has field "type" with value "module"
packages/render-dom/src/index.ts(24,24): error TS6307: File '/home/den/Source/faux-ui/packages/render-dom/src/render-app.ts' is not listed within the file list of project '/home/den/Source/faux-ui/packages/app/tsconfig.json'. Projects must list all files or use an 'include' pattern.
  The file is in the program because:
    Imported via "./render-app.js" from file '/home/den/Source/faux-ui/packages/render-dom/src/index.ts'
    Imported via "./render-app.js" from file '/home/den/Source/faux-ui/packages/render-dom/src/index.ts'
  File is ECMAScript module because '/home/den/Source/faux-ui/packages/render-dom/package.json' has field "type" with value "module"
packages/render-dom/src/index.ts(32,8): error TS6059: File '/home/den/Source/faux-ui/packages/render-dom/src/text-measurer.ts' is not under 'rootDir' '/home/den/Source/faux-ui/packages/app/src'. 'rootDir' is expected to contain all source files.
  The file is in the program because:
    Imported via "./text-measurer.js" from file '/home/den/Source/faux-ui/packages/render-dom/src/index.ts'
    Imported via "./text-measurer.js" from file '/home/den/Source/faux-ui/packages/render-dom/src/index.ts'
  File is ECMAScript module because '/home/den/Source/faux-ui/packages/render-dom/package.json' has field "type" with value "module"
packages/render-dom/src/index.ts(32,8): error TS6307: File '/home/den/Source/faux-ui/packages/render-dom/src/text-measurer.ts' is not listed within the file list of project '/home/den/Source/faux-ui/packages/app/tsconfig.json'. Projects must list all files or use an 'include' pattern.
  The file is in the program because:
    Imported via "./text-measurer.js" from file '/home/den/Source/faux-ui/packages/render-dom/src/index.ts'
    Imported via "./text-measurer.js" from file '/home/den/Source/faux-ui/packages/render-dom/src/index.ts'
  File is ECMAScript module because '/home/den/Source/faux-ui/packages/render-dom/package.json' has field "type" with value "module"
packages/render-dom/src/index.ts(41,48): error TS6059: File '/home/den/Source/faux-ui/packages/render-dom/src/theme.ts' is not under 'rootDir' '/home/den/Source/faux-ui/packages/app/src'. 'rootDir' is expected to contain all source files.
  The file is in the program because:
    Imported via "./theme.js" from file '/home/den/Source/faux-ui/packages/render-dom/src/index.ts'
    Imported via "./theme.js" from file '/home/den/Source/faux-ui/packages/render-dom/src/index.ts'
  File is ECMAScript module because '/home/den/Source/faux-ui/packages/render-dom/package.json' has field "type" with value "module"
packages/render-dom/src/index.ts(41,48): error TS6307: File '/home/den/Source/faux-ui/packages/render-dom/src/theme.ts' is not listed within the file list of project '/home/den/Source/faux-ui/packages/app/tsconfig.json'. Projects must list all files or use an 'include' pattern.
  The file is in the program because:
    Imported via "./theme.js" from file '/home/den/Source/faux-ui/packages/render-dom/src/index.ts'
    Imported via "./theme.js" from file '/home/den/Source/faux-ui/packages/render-dom/src/index.ts'
  File is ECMAScript module because '/home/den/Source/faux-ui/packages/render-dom/package.json' has field "type" with value "module"
packages/render-tui/src/events.ts(14,36): error TS6059: File '/home/den/Source/faux-ui/packages/render-tui/src/render.ts' is not under 'rootDir' '/home/den/Source/faux-ui/packages/app/src'. 'rootDir' is expected to contain all source files.
  The file is in the program because:
    Imported via "./render.js" from file '/home/den/Source/faux-ui/packages/render-tui/src/events.ts'
    Imported via "./render.js" from file '/home/den/Source/faux-ui/packages/render-tui/src/index.ts'
    Imported via "./render.js" from file '/home/den/Source/faux-ui/packages/render-tui/src/index.ts'
    Imported via "./render.js" from file '/home/den/Source/faux-ui/packages/render-tui/src/runtime.ts'
  File is ECMAScript module because '/home/den/Source/faux-ui/packages/render-tui/package.json' has field "type" with value "module"
packages/render-tui/src/events.ts(14,36): error TS6307: File '/home/den/Source/faux-ui/packages/render-tui/src/render.ts' is not listed within the file list of project '/home/den/Source/faux-ui/packages/app/tsconfig.json'. Projects must list all files or use an 'include' pattern.
  The file is in the program because:
    Imported via "./render.js" from file '/home/den/Source/faux-ui/packages/render-tui/src/events.ts'
    Imported via "./render.js" from file '/home/den/Source/faux-ui/packages/render-tui/src/index.ts'
    Imported via "./render.js" from file '/home/den/Source/faux-ui/packages/render-tui/src/index.ts'
    Imported via "./render.js" from file '/home/den/Source/faux-ui/packages/render-tui/src/runtime.ts'
  File is ECMAScript module because '/home/den/Source/faux-ui/packages/render-tui/package.json' has field "type" with value "module"
packages/render-tui/src/index.ts(1,29): error TS6059: File '/home/den/Source/faux-ui/packages/render-tui/src/frame-buffer.ts' is not under 'rootDir' '/home/den/Source/faux-ui/packages/app/src'. 'rootDir' is expected to contain all source files.
  The file is in the program because:
    Imported via "./frame-buffer.js" from file '/home/den/Source/faux-ui/packages/render-tui/src/index.ts'
    Imported via "./frame-buffer.js" from file '/home/den/Source/faux-ui/packages/render-tui/src/index.ts'
    Imported via "./frame-buffer.js" from file '/home/den/Source/faux-ui/packages/render-tui/src/render.ts'
    Imported via "./frame-buffer.js" from file '/home/den/Source/faux-ui/packages/render-tui/src/runtime.ts'
    Imported via "./frame-buffer.js" from file '/home/den/Source/faux-ui/packages/render-tui/src/terminal-host.ts'
    Imported via "./frame-buffer.js" from file '/home/den/Source/faux-ui/packages/render-tui/src/render-app.ts'
  File is ECMAScript module because '/home/den/Source/faux-ui/packages/render-tui/package.json' has field "type" with value "module"
packages/render-tui/src/index.ts(1,29): error TS6307: File '/home/den/Source/faux-ui/packages/render-tui/src/frame-buffer.ts' is not listed within the file list of project '/home/den/Source/faux-ui/packages/app/tsconfig.json'. Projects must list all files or use an 'include' pattern.
  The file is in the program because:
    Imported via "./frame-buffer.js" from file '/home/den/Source/faux-ui/packages/render-tui/src/index.ts'
    Imported via "./frame-buffer.js" from file '/home/den/Source/faux-ui/packages/render-tui/src/index.ts'
    Imported via "./frame-buffer.js" from file '/home/den/Source/faux-ui/packages/render-tui/src/render.ts'
    Imported via "./frame-buffer.js" from file '/home/den/Source/faux-ui/packages/render-tui/src/runtime.ts'
    Imported via "./frame-buffer.js" from file '/home/den/Source/faux-ui/packages/render-tui/src/terminal-host.ts'
    Imported via "./frame-buffer.js" from file '/home/den/Source/faux-ui/packages/render-tui/src/render-app.ts'
  File is ECMAScript module because '/home/den/Source/faux-ui/packages/render-tui/package.json' has field "type" with value "module"
packages/render-tui/src/index.ts(7,8): error TS6059: File '/home/den/Source/faux-ui/packages/render-tui/src/events.ts' is not under 'rootDir' '/home/den/Source/faux-ui/packages/app/src'. 'rootDir' is expected to contain all source files.
  The file is in the program because:
    Imported via "./events.js" from file '/home/den/Source/faux-ui/packages/render-tui/src/index.ts'
    Imported via "./events.js" from file '/home/den/Source/faux-ui/packages/render-tui/src/index.ts'
    Imported via "./events.js" from file '/home/den/Source/faux-ui/packages/render-tui/src/runtime.ts'
  File is ECMAScript module because '/home/den/Source/faux-ui/packages/render-tui/package.json' has field "type" with value "module"
packages/render-tui/src/index.ts(7,8): error TS6307: File '/home/den/Source/faux-ui/packages/render-tui/src/events.ts' is not listed within the file list of project '/home/den/Source/faux-ui/packages/app/tsconfig.json'. Projects must list all files or use an 'include' pattern.
  The file is in the program because:
    Imported via "./events.js" from file '/home/den/Source/faux-ui/packages/render-tui/src/index.ts'
    Imported via "./events.js" from file '/home/den/Source/faux-ui/packages/render-tui/src/index.ts'
    Imported via "./events.js" from file '/home/den/Source/faux-ui/packages/render-tui/src/runtime.ts'
  File is ECMAScript module because '/home/den/Source/faux-ui/packages/render-tui/package.json' has field "type" with value "module"
packages/render-tui/src/index.ts(11,30): error TS6059: File '/home/den/Source/faux-ui/packages/render-tui/src/runtime.ts' is not under 'rootDir' '/home/den/Source/faux-ui/packages/app/src'. 'rootDir' is expected to contain all source files.
  The file is in the program because:
    Imported via "./runtime.js" from file '/home/den/Source/faux-ui/packages/render-tui/src/index.ts'
    Imported via "./runtime.js" from file '/home/den/Source/faux-ui/packages/render-tui/src/index.ts'
    Imported via "./runtime.js" from file '/home/den/Source/faux-ui/packages/render-tui/src/terminal-host.ts'
  File is ECMAScript module because '/home/den/Source/faux-ui/packages/render-tui/package.json' has field "type" with value "module"
packages/render-tui/src/index.ts(11,30): error TS6307: File '/home/den/Source/faux-ui/packages/render-tui/src/runtime.ts' is not listed within the file list of project '/home/den/Source/faux-ui/packages/app/tsconfig.json'. Projects must list all files or use an 'include' pattern.
  The file is in the program because:
    Imported via "./runtime.js" from file '/home/den/Source/faux-ui/packages/render-tui/src/index.ts'
    Imported via "./runtime.js" from file '/home/den/Source/faux-ui/packages/render-tui/src/index.ts'
    Imported via "./runtime.js" from file '/home/den/Source/faux-ui/packages/render-tui/src/terminal-host.ts'
  File is ECMAScript module because '/home/den/Source/faux-ui/packages/render-tui/package.json' has field "type" with value "module"
packages/render-tui/src/index.ts(27,8): error TS6059: File '/home/den/Source/faux-ui/packages/render-tui/src/terminal-host.ts' is not under 'rootDir' '/home/den/Source/faux-ui/packages/app/src'. 'rootDir' is expected to contain all source files.
  The file is in the program because:
    Imported via "./terminal-host.js" from file '/home/den/Source/faux-ui/packages/render-tui/src/index.ts'
    Imported via "./terminal-host.js" from file '/home/den/Source/faux-ui/packages/render-tui/src/render-app.ts'
    Imported via "./terminal-host.js" from file '/home/den/Source/faux-ui/packages/render-tui/src/index.ts'
  File is ECMAScript module because '/home/den/Source/faux-ui/packages/render-tui/package.json' has field "type" with value "module"
packages/render-tui/src/index.ts(27,8): error TS6307: File '/home/den/Source/faux-ui/packages/render-tui/src/terminal-host.ts' is not listed within the file list of project '/home/den/Source/faux-ui/packages/app/tsconfig.json'. Projects must list all files or use an 'include' pattern.
  The file is in the program because:
    Imported via "./terminal-host.js" from file '/home/den/Source/faux-ui/packages/render-tui/src/index.ts'
    Imported via "./terminal-host.js" from file '/home/den/Source/faux-ui/packages/render-tui/src/render-app.ts'
    Imported via "./terminal-host.js" from file '/home/den/Source/faux-ui/packages/render-tui/src/index.ts'
  File is ECMAScript module because '/home/den/Source/faux-ui/packages/render-tui/package.json' has field "type" with value "module"
packages/render-tui/src/index.ts(28,24): error TS6059: File '/home/den/Source/faux-ui/packages/render-tui/src/render-app.ts' is not under 'rootDir' '/home/den/Source/faux-ui/packages/app/src'. 'rootDir' is expected to contain all source files.
  The file is in the program because:
    Imported via "./render-app.js" from file '/home/den/Source/faux-ui/packages/render-tui/src/index.ts'
    Imported via "./render-app.js" from file '/home/den/Source/faux-ui/packages/render-tui/src/index.ts'
  File is ECMAScript module because '/home/den/Source/faux-ui/packages/render-tui/package.json' has field "type" with value "module"
packages/render-tui/src/index.ts(28,24): error TS6307: File '/home/den/Source/faux-ui/packages/render-tui/src/render-app.ts' is not listed within the file list of project '/home/den/Source/faux-ui/packages/app/tsconfig.json'. Projects must list all files or use an 'include' pattern.
  The file is in the program because:
    Imported via "./render-app.js" from file '/home/den/Source/faux-ui/packages/render-tui/src/index.ts'
    Imported via "./render-app.js" from file '/home/den/Source/faux-ui/packages/render-tui/src/index.ts'
  File is ECMAScript module because '/home/den/Source/faux-ui/packages/render-tui/package.json' has field "type" with value "module"
packages/render-tui/src/render.ts(11,39): error TS6059: File '/home/den/Source/faux-ui/packages/render-tui/src/text-measurer.ts' is not under 'rootDir' '/home/den/Source/faux-ui/packages/app/src'. 'rootDir' is expected to contain all source files.
  The file is in the program because:
    Imported via "./text-measurer.js" from file '/home/den/Source/faux-ui/packages/render-tui/src/render.ts'
    Imported via "./text-measurer.js" from file '/home/den/Source/faux-ui/packages/render-tui/src/index.ts'
    Imported via "./text-measurer.js" from file '/home/den/Source/faux-ui/packages/render-tui/src/index.ts'
  File is ECMAScript module because '/home/den/Source/faux-ui/packages/render-tui/package.json' has field "type" with value "module"
packages/render-tui/src/render.ts(11,39): error TS6307: File '/home/den/Source/faux-ui/packages/render-tui/src/text-measurer.ts' is not listed within the file list of project '/home/den/Source/faux-ui/packages/app/tsconfig.json'. Projects must list all files or use an 'include' pattern.
  The file is in the program because:
    Imported via "./text-measurer.js" from file '/home/den/Source/faux-ui/packages/render-tui/src/render.ts'
    Imported via "./text-measurer.js" from file '/home/den/Source/faux-ui/packages/render-tui/src/index.ts'
    Imported via "./text-measurer.js" from file '/home/den/Source/faux-ui/packages/render-tui/src/index.ts'
  File is ECMAScript module because '/home/den/Source/faux-ui/packages/render-tui/package.json' has field "type" with value "module"
/home/den/Source/faux-ui/node_modules/.bun/typescript@5.9.3/node_modules/typescript/lib/_tsc.js:130888
  return refBuildInfo.path === buildInfoCacheEntry.path;
                      ^

TypeError: Cannot read properties of undefined (reading 'path')
    at hasSameBuildInfo (/home/den/Source/faux-ui/node_modules/.bun/typescript@5.9.3/node_modules/typescript/lib/_tsc.js:130888:23)
    at getUpToDateStatusWorker (/home/den/Source/faux-ui/node_modules/.bun/typescript@5.9.3/node_modules/typescript/lib/_tsc.js:130849:11)
    at getUpToDateStatus (/home/den/Source/faux-ui/node_modules/.bun/typescript@5.9.3/node_modules/typescript/lib/_tsc.js:130899:18)
    at getNextInvalidatedProjectCreateInfo (/home/den/Source/faux-ui/node_modules/.bun/typescript@5.9.3/node_modules/typescript/lib/_tsc.js:130485:20)
    at getNextInvalidatedProject (/home/den/Source/faux-ui/node_modules/.bun/typescript@5.9.3/node_modules/typescript/lib/_tsc.js:130558:16)
    at buildWorker (/home/den/Source/faux-ui/node_modules/.bun/typescript@5.9.3/node_modules/typescript/lib/_tsc.js:131019:32)
    at build (/home/den/Source/faux-ui/node_modules/.bun/typescript@5.9.3/node_modules/typescript/lib/_tsc.js:131007:18)
    at Object.build (/home/den/Source/faux-ui/node_modules/.bun/typescript@5.9.3/node_modules/typescript/lib/_tsc.js:131288:79)
    at performBuild (/home/den/Source/faux-ui/node_modules/.bun/typescript@5.9.3/node_modules/typescript/lib/_tsc.js:132204:69)
    at executeCommandLine (/home/den/Source/faux-ui/node_modules/.bun/typescript@5.9.3/node_modules/typescript/lib/_tsc.js:132108:14)

Node.js v24.14.0
error: script "typecheck" exited with code 1
